<?xml version="1.0" encoding="UTF-8"?>
<TestRun id="24f0472c-7a17-4493-8329-860303e52f0d" name="reneb@ATLAS-MAC 2013-04-10 15:20:45" runUser="CHO_NBS\reneb" xmlns="http://microsoft.com/schemas/VisualStudio/TeamTest/2010">
  <TestSettings name="Local" id="1865e0c5-452f-442f-9911-7c486c7d571a">
    <Description>These are default test settings for a local test run.</Description>
    <Deployment enabled="false" runDeploymentRoot="reneb_ATLAS-MAC 2013-04-10 15_20_45" />
    <Execution>
      <TestTypeSpecific />
      <AgentRule name="Execution Agents">
      </AgentRule>
    </Execution>
  </TestSettings>
  <Times creation="2013-04-10T15:20:45.4809921-04:00" queuing="2013-04-10T15:20:46.9691409-04:00" start="2013-04-10T15:20:47.1201560-04:00" finish="2013-04-10T15:22:12.7957227-04:00" />
  <ResultSummary outcome="Error">
    <Counters total="1" executed="1" error="0" failed="0" timeout="0" aborted="1" inconclusive="0" passedButRunAborted="0" notRunnable="0" notExecuted="0" disconnected="0" warning="0" passed="0" completed="0" inProgress="0" pending="0" />
    <RunInfos>
      <RunInfo computerName="ATLAS-MAC" outcome="Error" timestamp="2013-04-10T15:22:12.7947226-04:00">
        <Text>Test host process exited unexpectedly.</Text>
      </RunInfo>
    </RunInfos>
  </ResultSummary>
  <TestDefinitions>
    <UnitTest name="TestMethod1" storage="c:\users\reneb\documents\my dropbox\visual studio 2010\projects\webserviceversioning\testproject1\bin\debug\testproject1.dll" id="59863143-3238-122e-4d8a-637b491cc755">
      <Execution id="5153db1d-6067-4cd0-823e-39c9db0d5ca4" />
      <TestMethod codeBase="C:/Users/reneb/Documents/My Dropbox/Visual Studio 2010/Projects/WebServiceVersioning/TestProject1/bin/Debug/TestProject1.DLL" adapterTypeName="Microsoft.VisualStudio.TestTools.TestTypes.Unit.UnitTestAdapter, Microsoft.VisualStudio.QualityTools.Tips.UnitTest.Adapter, Version=10.0.0.0, Culture=neutral, PublicKeyToken=b03f5f7f11d50a3a" className="TestProject1.UnitTest1, TestProject1, Version=1.0.0.0, Culture=neutral, PublicKeyToken=null" name="TestMethod1" />
    </UnitTest>
  </TestDefinitions>
  <TestLists>
    <TestList name="Results Not in a List" id="8c84fa94-04c1-424b-9868-57a2d4851a1d" />
    <TestList name="All Loaded Results" id="19431567-8539-422a-85d7-44ee4e166bda" />
  </TestLists>
  <TestEntries>
    <TestEntry testId="59863143-3238-122e-4d8a-637b491cc755" executionId="5153db1d-6067-4cd0-823e-39c9db0d5ca4" testListId="8c84fa94-04c1-424b-9868-57a2d4851a1d" />
  </TestEntries>
  <Results>
    <UnitTestResult executionId="5153db1d-6067-4cd0-823e-39c9db0d5ca4" testId="59863143-3238-122e-4d8a-637b491cc755" testName="TestMethod1" computerName="ATLAS-MAC" duration="00:01:25.5195511" startTime="2013-04-10T15:20:47.2761716-04:00" endTime="2013-04-10T15:22:12.7957227-04:00" testType="13cdc9d9-ddb5-4fa4-a97d-d965ccfc6d4b" outcome="Aborted" testListId="8c84fa94-04c1-424b-9868-57a2d4851a1d" relativeResultsDirectory="5153db1d-6067-4cd0-823e-39c9db0d5ca4">
    </UnitTestResult>
  </Results>
</TestRun>